<img src="cache/images/288750114_pipeline_en_us_38012537062001-01-012100-01-01.png" border="0" usemap="#cache/images/288750114_pipeline_en_us_38012537062001-01-012100-01-01.png">
<map name="cache/images/288750114_pipeline_en_us_38012537062001-01-012100-01-01.png">
	<area shape="rect" coords="138,41,350,68" href="index.php?module=Potentials&action=ListView&sales_stage=Prospecting&closingdate_start=2001-01-01&closingdate_end=2100-01-01&query=true&type=dbrd&owner=admin&viewname=10" alt="admin - 1 opportunities where sales stage is Prospecting" title="admin - 1 opportunities where sales stage is Prospecting">
	<area shape="rect" coords="138,80,712,107" href="index.php?module=Potentials&action=ListView&sales_stage=Qualification&closingdate_start=2001-01-01&closingdate_end=2100-01-01&query=true&type=dbrd&owner=admin&viewname=10" alt="admin - 3 opportunities where sales stage is Qualifications" title="admin - 3 opportunities where sales stage is Qualifications">
	<area shape="rect" coords="138,120,457,147" href="index.php?module=Potentials&action=ListView&sales_stage=Needs+Analysis&closingdate_start=2001-01-01&closingdate_end=2100-01-01&query=true&type=dbrd&owner=admin&viewname=10" alt="admin - 1 opportunities where sales stage is Needs Analysis" title="admin - 1 opportunities where sales stage is Needs Analysis">
	<area shape="rect" coords="138,159,776,186" href="index.php?module=Potentials&action=ListView&sales_stage=Value+Proposition&closingdate_start=2001-01-01&closingdate_end=2100-01-01&query=true&type=dbrd&owner=admin&viewname=10" alt="admin - 3 opportunities where sales stage is Value Propositions" title="admin - 3 opportunities where sales stage is Value Propositions">
	<area shape="rect" coords="138,198,393,226" href="index.php?module=Potentials&action=ListView&sales_stage=Id.+Decision+Makers&closingdate_start=2001-01-01&closingdate_end=2100-01-01&query=true&type=dbrd&owner=admin&viewname=10" alt="admin - 2 opportunities where sales stage is Id. Decision Makers" title="admin - 2 opportunities where sales stage is Id. Decision Makers">
</map>