<img src="cache/images/288750114_outcome_by_month_en_us_957285009.png" border="0" usemap="#cache/images/288750114_outcome_by_month_en_us_957285009.png">
<map name="cache/images/288750114_outcome_by_month_en_us_957285009.png">
	<area shape="rect" coords="51,298,98,438" href="index.php?module=Potentials&action=ListView&date_closed=2006-01&sales_stage=Other&query=true&type=dbrd&owner=admin&viewname=10" alt="admin - 1 opportunities where outcome is Other" title="admin - 1 opportunities where outcome is Other">
	<area shape="rect" coords="161,201,208,438" href="index.php?module=Potentials&action=ListView&date_closed=2006-02&sales_stage=Other&query=true&type=dbrd&owner=admin&viewname=10" alt="admin - 2 opportunities where outcome is Other" title="admin - 2 opportunities where outcome is Other">
	<area shape="rect" coords="271,61,318,438" href="index.php?module=Potentials&action=ListView&date_closed=2006-03&sales_stage=Other&query=true&type=dbrd&owner=admin&viewname=10" alt="admin - 3 opportunities where outcome is Other" title="admin - 3 opportunities where outcome is Other">
	<area shape="rect" coords="381,298,428,438" href="index.php?module=Potentials&action=ListView&date_closed=2006-04&sales_stage=Other&query=true&type=dbrd&owner=admin&viewname=10" alt="admin - 1 opportunities where outcome is Other" title="admin - 1 opportunities where outcome is Other">
	<area shape="rect" coords="491,368,538,438" href="index.php?module=Potentials&action=ListView&date_closed=2006-06&sales_stage=Other&query=true&type=dbrd&owner=admin&viewname=10" alt="admin - 1 opportunities where outcome is Other" title="admin - 1 opportunities where outcome is Other">
	<area shape="rect" coords="601,298,648,438" href="index.php?module=Potentials&action=ListView&date_closed=2006-08&sales_stage=Other&query=true&type=dbrd&owner=admin&viewname=10" alt="admin - 1 opportunities where outcome is Other" title="admin - 1 opportunities where outcome is Other">
	<area shape="rect" coords="711,229,758,438" href="index.php?module=Potentials&action=ListView&date_closed=2006-09&sales_stage=Other&query=true&type=dbrd&owner=admin&viewname=10" alt="admin - 1 opportunities where outcome is Other" title="admin - 1 opportunities where outcome is Other">
</map>